// Jest Snapshot v1, https://goo.gl/fbAQLP

exports[`[Button] should render without crashing 1`] = `
<View
  accessible={true}
  isTVSelectable={true}
  onResponderGrant={[Function]}
  onResponderMove={[Function]}
  onResponderRelease={[Function]}
  onResponderTerminate={[Function]}
  onResponderTerminationRequest={[Function]}
  onStartShouldSetResponder={[Function]}
  style={
    Object {
      "opacity": 1,
    }
  }
>
  <View
    style={
      Array [
        Object {
          "alignItems": "center",
          "alignSelf": "center",
          "backgroundColor": "#023059",
          "borderColor": "#023059",
          "borderRadius": 4,
          "borderWidth": 2,
          "height": 52,
          "justifyContent": "center",
          "width": 320,
        },
      ]
    }
  >
    <Text
      style={
        Array [
          Object {
            "color": "#323b43",
            "fontSize": 14,
          },
        ]
      }
    />
  </View>
</View>
`;
